// Jest Snapshot v1, https://goo.gl/fbAQLP

exports[`expect to render CustomerTrans Component 1`] = `ShallowWrapper {}`;
